
> code-and-cognition@0.1.0 build
> prisma generate && prisma db push && next build

Loaded Prisma config from prisma.config.ts.

Prisma schema loaded from prisma\schema.prisma.

Γ£ö Generated Prisma Client (v7.4.2) to .\node_modules\@prisma\client in 1.75s

Start by importing your Prisma Client (See: https://pris.ly/d/importing-client)


Loaded Prisma config from prisma.config.ts.

Prisma schema loaded from prisma\schema.prisma.
Datasource "db": PostgreSQL database "coc", schema "public" at "ep-solitary-term-airhfv05-pooler.c-4.us-east-1.aws.neon.tech"

The database is already in sync with the Prisma schema.

Γû▓ Next.js 16.1.6 (Turbopack)
- Environments: .env.local, .env

  Creating an optimized production build ...
/*! ≡ƒî╝ daisyUI 5.5.18 */
Error: Cannot apply unknown utility class `custom-scrollbar`
    [at onInvalidCandidate (D:\Projects\code-and-cognition\node_modules\tailwindcss\dist\lib.js:21:1511)]
    [at Te (D:\Projects\code-and-cognition\node_modules\tailwindcss\dist\lib.js:16:36326)]
    [at D:\Projects\code-and-cognition\node_modules\tailwindcss\dist\lib.js:21:355]
    [at Rr (D:\Projects\code-and-cognition\node_modules\tailwindcss\dist\lib.js:3:1718)]
    [at _ (D:\Projects\code-and-cognition\node_modules\tailwindcss\dist\lib.js:3:1377)]
    [at $e (D:\Projects\code-and-cognition\node_modules\tailwindcss\dist\lib.js:21:172)]
    [at un (D:\Projects\code-and-cognition\node_modules\tailwindcss\dist\lib.js:38:294)]
    [at async cn (D:\Projects\code-and-cognition\node_modules\tailwindcss\dist\lib.js:38:631)]
    [at async Xr (D:\Projects\code-and-cognition\node_modules\@tailwindcss\node\dist\index.js:10:3417)]
    [at async I (D:\Projects\code-and-cognition\node_modules\@tailwindcss\postcss\dist\index.js:10:3977)]

> Build error occurred
Error: Turbopack build failed with 1 errors:
./app/globals.css
Error evaluating Node.js code
CssSyntaxError: tailwindcss: D:\Projects\code-and-cognition\app\globals.css:1:1: Cannot apply unknown utility class `custom-scrollbar`
    at Input.error (node_modules/postcss/lib/input.js:135:16) [D:\Projects\code-and-cognition\.next\build\chunks\node_modules_fe693df6._.js:4651:22]
    at Root.error (node_modules/postcss/lib/node.js:146:32) [D:\Projects\code-and-cognition\.next\build\chunks\node_modules_fe693df6._.js:928:38]
    [at Object.Once (D:\Projects\code-and-cognition\node_modules\@tailwindcss\postcss\dist\index.js:10:6911)]
    at async LazyResult.runAsync (node_modules/postcss/lib/lazy-result.js:293:11) [D:\Projects\code-and-cognition\.next\build\chunks\node_modules_fe693df6._.js:6206:21]
    at async transform (turbopack:///[turbopack-node]/transforms/postcss.ts:70:34) [D:\Projects\code-and-cognition\.next\build\chunks\[root-of-the-server]__51225daf._.js:146:36]
    at async run (turbopack:///[turbopack-node]/ipc/evaluate.ts:92:23) [D:\Projects\code-and-cognition\.next\build\chunks\[root-of-the-server]__974941ed._.js:443:31]

Import trace:
  Client Component Browser:
    ./app/globals.css [Client Component Browser]
    ./app/layout.tsx [Server Component]


    at async transform (turbopack:///[turbopack-node]/transforms/postcss.ts:70:34) [D:\Projects\code-and-cognition\.next\build\chunks\[root-of-the-server]__51225daf._.js:146:36])
    at async run (turbopack:///[turbopack-node]/ipc/evaluate.ts:92:23) [D:\Projects\code-and-cognition\.next\build\chunks\[root-of-the-server]__974941ed._.js:443:31])
